{
    "versions": {
        "content": [
            [
                "versions.yml:md5,643c3b5b34f868d87511259bc33d3f3a"
            ]
        ],
        "meta": {
            "nf-test": "0.9.2",
            "nextflow": "24.10.4"
        },
        "timestamp": "2025-02-11T12:05:18.95934"
    },
    "stub": {
        "content": [
            {
                "0": [
                    [
                        {
                            "id": "test",
                            "single_end": false
                        },
                        "test.cmsearch_matches.tbl.gz:md5,d41d8cd98f00b204e9800998ecf8427e"
                    ]
                ],
                "1": [
                    "versions.yml:md5,643c3b5b34f868d87511259bc33d3f3a"
                ],
                "cmsearch_tbl": [
                    [
                        {
                            "id": "test",
                            "single_end": false
                        },
                        "test.cmsearch_matches.tbl.gz:md5,d41d8cd98f00b204e9800998ecf8427e"
                    ]
                ],
                "versions": [
                    "versions.yml:md5,643c3b5b34f868d87511259bc33d3f3a"
                ]
            }
        ],
        "meta": {
            "nf-test": "0.9.2",
            "nextflow": "24.10.4"
        },
        "timestamp": "2025-02-11T12:05:21.085849"
    }
}