{
    "synthetic sample fasta should match snapshot": {
        "content": [
            {
                "0": [
                    [
                        {
                            "id": "test"
                        },
                        "synthetic_test.fa.renamed.gz:md5,a1440ea08ce60d24e8c3de3296c75ede"
                    ]
                ],
                "1": [
                    "versions.yml:md5,dbaa3527686224ee480498eb1132a30e"
                ],
                "fasta": [
                    [
                        {
                            "id": "test"
                        },
                        "synthetic_test.fa.renamed.gz:md5,a1440ea08ce60d24e8c3de3296c75ede"
                    ]
                ],
                "versions": [
                    "versions.yml:md5,dbaa3527686224ee480498eb1132a30e"
                ]
            }
        ],
        "meta": {
            "nf-test": "0.9.2",
            "nextflow": "24.10.2"
        },
        "timestamp": "2025-05-20T12:39:15.553236392"
    },
    "mini sample fastq should match snapshot": {
        "content": [
            {
                "0": [
                    [
                        {
                            "id": "test"
                        },
                        "ERR10889147_mini_1.fq.renamed.gz:md5,0939ecbff76ea6b9efa28f33f9b257b2"
                    ]
                ],
                "1": [
                    "versions.yml:md5,dbaa3527686224ee480498eb1132a30e"
                ],
                "fasta": [
                    [
                        {
                            "id": "test"
                        },
                        "ERR10889147_mini_1.fq.renamed.gz:md5,0939ecbff76ea6b9efa28f33f9b257b2"
                    ]
                ],
                "versions": [
                    "versions.yml:md5,dbaa3527686224ee480498eb1132a30e"
                ]
            }
        ],
        "meta": {
            "nf-test": "0.9.2",
            "nextflow": "24.10.2"
        },
        "timestamp": "2025-05-20T12:38:51.329996888"
    },
    "synthetic sample fastq should match snapshot": {
        "content": [
            {
                "0": [
                    [
                        {
                            "id": "test"
                        },
                        "synthetic_test.fq.renamed.gz:md5,fada8b0fa11d09275c49e001609d8abc"
                    ]
                ],
                "1": [
                    "versions.yml:md5,dbaa3527686224ee480498eb1132a30e"
                ],
                "fasta": [
                    [
                        {
                            "id": "test"
                        },
                        "synthetic_test.fq.renamed.gz:md5,fada8b0fa11d09275c49e001609d8abc"
                    ]
                ],
                "versions": [
                    "versions.yml:md5,dbaa3527686224ee480498eb1132a30e"
                ]
            }
        ],
        "meta": {
            "nf-test": "0.9.2",
            "nextflow": "24.10.2"
        },
        "timestamp": "2025-05-20T12:43:13.123928712"
    },
    "mini sample fasta should match snapshot": {
        "content": [
            {
                "0": [
                    [
                        {
                            "id": "test"
                        },
                        "ERR10889147_mini_1.fa.renamed.gz:md5,26284b0cf239160dfaadb8627d9b3c8d"
                    ]
                ],
                "1": [
                    "versions.yml:md5,dbaa3527686224ee480498eb1132a30e"
                ],
                "fasta": [
                    [
                        {
                            "id": "test"
                        },
                        "ERR10889147_mini_1.fa.renamed.gz:md5,26284b0cf239160dfaadb8627d9b3c8d"
                    ]
                ],
                "versions": [
                    "versions.yml:md5,dbaa3527686224ee480498eb1132a30e"
                ]
            }
        ],
        "meta": {
            "nf-test": "0.9.2",
            "nextflow": "24.10.2"
        },
        "timestamp": "2025-05-20T12:37:49.538576093"
    }
}